Microsoft Windows [Version 10.0.19045.2486]
(c) Microsoft Corporation. All rights reserved.

C:\WINDOWS\system32>bash

bhara@DESKTOP-SSN6PB4  /c/WINDOWS/system32
$ cd ~/devops/provision/vagrant/rhel9/

bhara@DESKTOP-SSN6PB4  ~/devops/provision/vagrant/rhel9
$ vagrant status
Current machine states:

default                   poweroff (virtualbox)

The VM is powered off. To restart the VM, simply run `vagrant up`

bhara@DESKTOP-SSN6PB4  ~/devops/provision/vagrant/rhel9
$ vagrant up
Bringing machine 'default' up with 'virtualbox' provider...
==> default: Checking if box 'generic/rhel9' version '4.2.8' is up to date...
==> default: A newer version of the box 'generic/rhel9' for provider 'virtualbox' is
==> default: available! You currently have version '4.2.8'. The latest is version
==> default: '4.2.10'. Run `vagrant box update` to update.
==> default: Clearing any previously set forwarded ports...
==> default: Clearing any previously set network interfaces...
==> default: Preparing network interfaces based on configuration...
    default: Adapter 1: nat
==> default: Forwarding ports...
    default: 22 (guest) => 2222 (host) (adapter 1)
==> default: Running 'pre-boot' VM customizations...
==> default: Booting VM...
==> default: Waiting for machine to boot. This may take a few minutes...
    default: SSH address: 127.0.0.1:2222
    default: SSH username: vagrant
    default: SSH auth method: private key
==> default: Machine booted and ready!
==> default: Checking for guest additions in VM...
    default: The guest additions on this VM do not match the installed version of
    default: VirtualBox! In most cases this is fine, but in rare cases it can
    default: prevent things such as shared folders from working properly. If you see
    default: shared folder errors, please make sure the guest additions within the
    default: virtual machine match the version of VirtualBox you have installed on
    default: your host and reload your VM.
    default:
    default: Guest Additions Version: 6.1.40 r154048
    default: VirtualBox Version: 7.0
==> default: Machine already provisioned. Run `vagrant provision` or use the `--provision`
==> default: flag to force provisioning. Provisioners marked to run always will still run.

bhara@DESKTOP-SSN6PB4  ~/devops/provision/vagrant/rhel9
$ vagrant ssh
Last login: Thu Jan 26 15:38:41 2023 from 10.0.2.2
[vagrant@rhel9 ~]$ sudo su -
Last login: Thu Jan 26 15:38:46 UTC 2023 on pts/0
[root@rhel9 ~]#
[root@rhel9 ~]#
[root@rhel9 ~]# cd /etc/
[root@rhel9 etc]# ls
adjtime                 DIR_COLORS.lightbgcolor  issue.net                 netconfig          resolv.conf     sysconfig
aliases                 dnf                      kdump                     NetworkManager     rhsm            sysctl.conf
alternatives            dracut.conf              kdump.conf                networks           rpc             sysctl.d
anacrontab              dracut.conf.d            kernel                    nftables           rpm             systemd
audit                   environment              krb5.conf                 nsswitch.conf      rsyncd.conf     system-release
authselect              ethertypes               krb5.conf.d               nsswitch.conf.bak  rsyslog.conf    system-release-cpe
bash_completion.d       exports                  ld.so.cache               oddjob             rsyslog.d       terminfo
bashrc                  filesystems              ld.so.conf                oddjobd.conf       rwtab.d         tmpfiles.d
bindresvport.blacklist  firewalld                ld.so.conf.d              oddjobd.conf.d     sasl2           tpm2-tss
binfmt.d                fonts                    libaudit.conf             openldap           security        trusted-key.key
chrony.conf             fstab                    libibverbs.d              opt                selinux         tuned
chrony.keys             gcrypt                   libnl                     os-release         services        udev
cifs-utils              gnupg                    libreport                 pam.d              sestatus.conf   updatedb.conf
cron.d                  GREP_COLORS              libssh                    passwd             shadow          vagrant_box_build_time
cron.daily              groff                    libuser.conf              passwd-            shadow-         vconsole.conf
cron.deny               group                    locale.conf               pcp                shells          vimrc
cron.hourly             group-                   login.defs                pcp.conf           skel            virc
cron.monthly            grub2.cfg                logrotate.conf            pkcs11             ssh             wgetrc
crontab                 grub.d                   logrotate.d               pkgconfig          ssl             whois.conf
cron.weekly             gshadow                  lvm                       pki                sssd            X11
crypto-policies         gshadow-                 machine-id                pm                 statetab.d      xattr.conf
crypttab                gss                      magic                     polkit-1           subgid          xdg
csh.cshrc               host.conf                makedumpfile.conf.sample  popt.d             subgid-         yum
csh.login               hostname                 man_db.conf               printcap           subuid          yum.conf
dbus-1                  hosts                    mke2fs.conf               profile            subuid-         yum.repos.d
dconf                   inittab                  modprobe.d                profile.d          sudo.conf
default                 inputrc                  modules-load.d            protocols          sudoers
depmod.d                iproute2                 motd                      rc.d               sudoers.d
dhcp                    issue                    motd.d                    rc.local           sudo-ldap.conf
DIR_COLORS              issue.d                  mtab                      redhat-release     swid
[root@rhel9 etc]# cd /systemd
-bash: cd: /systemd: No such file or directory
[root@rhel9 etc]# ls -l
total 1092
-rw-r--r--.  1 root root       18 Dec  9 17:12 adjtime
-rw-r--r--.  1 root root     1529 Jun 23  2020 aliases
drwxr-xr-x.  2 root root     4096 Dec  9 17:31 alternatives
-rw-r--r--.  1 root root      541 Jul 11  2022 anacrontab
drwxr-x---.  4 root root      100 Dec 10 01:29 audit
drwxr-xr-x.  3 root root     4096 Dec  9 17:12 authselect
drwxr-xr-x.  2 root root       62 Dec  9 17:31 bash_completion.d
-rw-r--r--.  1 root root     2917 Jan 26 11:26 bashrc
-rw-r--r--.  1 root root      535 Aug 16 14:03 bindresvport.blacklist
drwxr-xr-x.  2 root root        6 Sep 23 14:35 binfmt.d
-rw-r--r--.  1 root root     1369 Dec 16  2021 chrony.conf
-rw-r-----.  1 root chrony    540 Dec 16  2021 chrony.keys
drwxr-xr-x.  2 root root       26 Dec  9 17:06 cifs-utils
drwxr-xr-x.  2 root root       21 Jan 25 14:11 cron.d
drwxr-xr-x.  2 root root        6 Mar 23  2022 cron.daily
-rw-r--r--.  1 root root        0 Jul 11  2022 cron.deny
drwxr-xr-x.  2 root root       22 Mar 23  2022 cron.hourly
drwxr-xr-x.  2 root root        6 Mar 23  2022 cron.monthly
-rw-r--r--.  1 root root      451 Mar 23  2022 crontab
drwxr-xr-x.  2 root root        6 Mar 23  2022 cron.weekly
drwxr-xr-x.  6 root root       81 Dec  9 17:03 crypto-policies
-rw-------.  1 root root        0 Dec  9 17:02 crypttab
-rw-r--r--.  1 root root     1626 May  9  2022 csh.cshrc
-rw-r--r--.  1 root root     1087 May  9  2022 csh.login
drwxr-xr-x.  4 root root       78 Dec  9 17:06 dbus-1
drwxr-xr-x.  3 root root       16 Dec  9 17:12 dconf
drwxr-xr-x.  2 root root       33 Dec  9 17:41 default
drwxr-xr-x.  2 root root       54 Dec  9 17:37 depmod.d
drwxr-xr-x.  3 root root       24 Dec  9 17:09 dhcp
-rw-r--r--.  1 root root     4673 May 31  2022 DIR_COLORS
-rw-r--r--.  1 root root     4755 May 31  2022 DIR_COLORS.lightbgcolor
drwxr-xr-x.  8 root root      128 Dec  9 17:05 dnf
-rw-r--r--.  1 root root      117 Aug 16 17:11 dracut.conf
drwxr-xr-x.  2 root root        6 Aug 16 17:11 dracut.conf.d
-rw-r--r--.  1 root root        0 May  9  2022 environment
-rw-r--r--.  1 root root     1362 Jun 23  2020 ethertypes
-rw-r--r--.  1 root root        0 Jun 23  2020 exports
-rw-r--r--.  1 root root       66 Jun 23  2020 filesystems
drwxr-x---.  8 root root      149 Dec  9 17:09 firewalld
drwxr-xr-x.  3 root root       20 Dec  9 17:05 fonts
-rw-r--r--.  1 root root      683 Jan 28 13:22 fstab
drwxr-xr-x.  2 root root        6 Oct  6 14:22 gcrypt
drwxr-xr-x.  2 root root        6 Aug  8 16:35 gnupg
-rw-r--r--.  1 root root       94 Aug 10  2021 GREP_COLORS
drwxr-xr-x.  4 root root       40 Dec  9 17:04 groff
-rw-r--r--.  1 root root      691 Jan 26 11:00 group
-rw-r--r--.  1 root root      673 Jan 26 11:00 group-
lrwxrwxrwx.  1 root root       22 Aug 25 18:04 grub2.cfg -> ../boot/grub2/grub.cfg
drwx------.  2 root root     4096 Dec  9 17:41 grub.d
----------.  1 root root      544 Jan 26 11:00 gshadow
----------.  1 root root      530 Jan 26 11:00 gshadow-
drwxr-xr-x.  3 root root       20 Dec  9 17:05 gss
-rw-r--r--.  1 root root        9 Jun 23  2020 host.conf
-rw-r--r--.  1 root root       18 Dec 10 01:29 hostname
-rw-r--r--.  1 root root      188 Dec 10 01:29 hosts
-rw-r--r--.  1 root root      490 Sep 23 14:35 inittab
-rw-r--r--.  1 root root      943 Jun 23  2020 inputrc
drwxr-xr-x.  2 root root      159 Dec  9 17:04 iproute2
-rw-r--r--.  1 root root       23 Sep 27 18:07 issue
drwxr-xr-x.  2 root root        6 Sep 27 18:07 issue.d
-rw-r--r--.  1 root root       22 Sep 27 18:07 issue.net
drwxr-xr-x.  4 root root       33 Dec  9 17:09 kdump
-rw-r--r--.  1 root root     8892 Dec  9 17:09 kdump.conf
drwxr-xr-x.  5 root root       71 Dec  9 17:38 kernel
-rw-r--r--.  1 root root      880 Jul  8  2022 krb5.conf
drwxr-xr-x.  2 root root       55 Dec  9 17:09 krb5.conf.d
-rw-r--r--.  1 root root    16211 Dec  9 17:41 ld.so.cache
-rw-r--r--.  1 root root       28 Aug  2  2021 ld.so.conf
drwxr-xr-x.  2 root root        6 Jul 24  2022 ld.so.conf.d
-rw-r-----.  1 root root      191 Jan 23  2022 libaudit.conf
drwxr-xr-x.  2 root root     4096 Dec  9 17:04 libibverbs.d
drwxr-xr-x.  2 root root       35 Dec  9 17:04 libnl
drwxr-xr-x.  6 root root       70 Dec  9 17:05 libreport
drwxr-xr-x.  2 root root       62 Dec  9 17:05 libssh
-rw-r--r--.  1 root root     2391 Mar  1  2021 libuser.conf
-rw-r--r--.  1 root root       19 Dec  9 17:12 locale.conf
-rw-r--r--.  1 root root     7778 Jul 21  2022 login.defs
-rw-r--r--.  1 root root      496 Jun  7  2020 logrotate.conf
drwxr-xr-x.  2 root root      143 Dec  9 17:09 logrotate.d
drwxr-xr-x.  7 root root      115 Dec  9 17:09 lvm
-r--r--r--.  1 root root       33 Jan 25 14:11 machine-id
-rw-r--r--.  1 root root      111 Aug 28 21:06 magic
-rw-r--r--.  1 root root     5122 Jul 12  2022 makedumpfile.conf.sample
-rw-r--r--.  1 root root     5235 Aug 10  2021 man_db.conf
-rw-r--r--.  1 root root     1208 Jun  8  2022 mke2fs.conf
drwxr-xr-x.  2 root root       73 Dec  9 17:41 modprobe.d
drwxr-xr-x.  2 root root        6 Sep 23 14:35 modules-load.d
-rw-r--r--.  1 root root        0 Dec  9 17:42 motd
drwxr-xr-x.  2 root root        6 May  9  2022 motd.d
lrwxrwxrwx.  1 root root       19 Dec  9 17:06 mtab -> ../proc/self/mounts
-rw-r--r--.  1 root root      767 Aug 16 14:03 netconfig
drwxr-xr-x.  7 root root      134 Dec  9 17:06 NetworkManager
-rw-r--r--.  1 root root       58 Jun 23  2020 networks
drwx------.  3 root root       66 Dec  9 17:04 nftables
lrwxrwxrwx.  1 root root       29 Dec  9 17:12 nsswitch.conf -> /etc/authselect/nsswitch.conf
-rw-r--r--.  1 root root     2108 Jul 24  2022 nsswitch.conf.bak
drwxr-xr-x.  2 root root        6 Aug 18 08:11 oddjob
-rw-r--r--.  1 root root     4922 Aug 18 08:11 oddjobd.conf
drwxr-xr-x.  2 root root       70 Dec  9 17:06 oddjobd.conf.d
drwxr-xr-x.  3 root root       36 Dec  9 17:06 openldap
drwxr-xr-x.  2 root root        6 Aug  9  2021 opt
lrwxrwxrwx.  1 root root       22 Sep 27 18:07 os-release -> ..//usr/lib/os-release
drwxr-xr-x.  2 root root     4096 Dec  9 17:41 pam.d
-rw-r--r--.  1 root root     1412 Jan 26 11:18 passwd
-rw-r--r--.  1 root root     1412 Jan 26 11:00 passwd-
drwxr-xr-x.  3 root root       21 Dec  9 17:31 pcp
-rw-r--r--.  1 root root     7160 May  9  2022 pcp.conf
drwxr-xr-x.  3 root root       21 Dec  9 17:04 pkcs11
drwxr-xr-x.  3 root root       27 Dec  9 17:31 pkgconfig
drwxr-xr-x. 13 root root      173 Dec  9 17:30 pki
drwxr-xr-x.  5 root root       52 Dec  9 17:04 pm
drwxr-xr-x.  5 root root       72 Dec  9 17:41 polkit-1
drwxr-xr-x.  2 root root        6 Aug 10  2021 popt.d
-rw-r--r--.  1 root root      233 Jun 23  2020 printcap
-rw-r--r--.  1 root root     1925 Jan 26 11:26 profile
drwxr-xr-x.  2 root root     4096 Dec  9 17:31 profile.d
-rw-r--r--.  1 root root     6568 Jun 23  2020 protocols
drwxr-xr-x.  3 root root       36 Dec  9 17:06 rc.d
lrwxrwxrwx.  1 root root       13 Sep 23 14:35 rc.local -> rc.d/rc.local
-rw-r--r--.  1 root root       44 Sep 27 18:07 redhat-release
-rw-r--r--.  1 root root       69 Jan 28 13:22 resolv.conf
drwxr-xr-x.  6 root root       84 Dec  9 17:09 rhsm
-rw-r--r--.  1 root root     1634 Aug  2  2021 rpc
drwxr-xr-x.  2 root root        6 Aug  3 16:46 rpm
-rw-r--r--.  1 root root      458 Aug 25 09:44 rsyncd.conf
-rw-r--r--.  1 root root     3194 May 16  2022 rsyslog.conf
drwxr-xr-x.  2 root root        6 May 16  2022 rsyslog.d
drwxr-xr-x.  2 root root       35 Dec  9 17:09 rwtab.d
drwxr-xr-x.  2 root root        6 Feb 23  2022 sasl2
drwxr-xr-x.  7 root root     4096 Dec  9 17:06 security
drwxr-xr-x.  3 root root       57 Dec  9 17:08 selinux
-rw-r--r--.  1 root root   692252 Jun 23  2020 services
-rw-r--r--.  1 root root      216 Sep  7 08:04 sestatus.conf
----------.  1 root root      935 Jan 26 11:00 shadow
----------.  1 root root      903 Jan 26 10:51 shadow-
-rw-r--r--.  1 root root       44 Jun 23  2020 shells
drwxr-xr-x.  2 root root       62 Dec  9 17:04 skel
drwxr-xr-x.  4 root root     4096 Jan 25 14:11 ssh
drwxr-xr-x.  2 root root       77 Dec  9 17:05 ssl
drwx------.  4 sssd sssd       31 Dec  9 17:09 sssd
drwxr-xr-x.  2 root root        6 Aug  9  2021 statetab.d
-rw-r--r--.  1 root root      166 Jan 26 11:00 subgid
-rw-r--r--.  1 root root      143 Jan 26 10:51 subgid-
-rw-r--r--.  1 root root      166 Jan 26 11:00 subuid
-rw-r--r--.  1 root root      143 Jan 26 10:51 subuid-
-rw-r-----.  1 root root     3983 Aug 26  2021 sudo.conf
-r--r-----.  1 root root     4328 Dec  9 17:14 sudoers
drwxr-x---.  2 root root       21 Dec  9 17:14 sudoers.d
-rw-r-----.  1 root root     3181 Aug 26  2021 sudo-ldap.conf
drwxr-xr-x.  3 root root       24 Dec  9 17:04 swid
drwxr-xr-x.  3 root root     4096 Dec  9 17:41 sysconfig
-rw-r--r--.  1 root root      486 Dec 10 01:29 sysctl.conf
drwxr-xr-x.  2 root root       50 Dec  9 17:41 sysctl.d
drwxr-xr-x.  4 root root      166 Dec  9 17:06 systemd
lrwxrwxrwx.  1 root root       14 Sep 27 18:07 system-release -> redhat-release
-rw-r--r--.  1 root root       41 Sep 27 18:07 system-release-cpe
drwxr-xr-x.  2 root root        6 Aug 10  2021 terminfo
drwxr-xr-x.  2 root root        6 Sep 23 14:35 tmpfiles.d
drwxr-xr-x.  3 root root       51 Dec  9 17:06 tpm2-tss
-rw-r--r--.  1 root root      375 Sep 29 20:09 trusted-key.key
drwxr-xr-x.  3 root root      136 Dec  9 17:41 tuned
drwxr-xr-x.  4 root root       68 Dec 10 01:29 udev
-rw-r--r--.  1 root root      624 Aug 10  2021 updatedb.conf
-rw-r--r--.  1 root root       32 Dec  9 17:41 vagrant_box_build_time
-rw-r--r--.  1 root root       28 Dec  9 17:12 vconsole.conf
-rw-r--r--.  1 root root     4017 Jun 13  2022 vimrc
-rw-r--r--.  1 root root     1184 Jun 13  2022 virc
-rw-r--r--.  1 root root     4925 Nov  3  2021 wgetrc
-rw-r--r--.  1 root root      382 Mar 30  2013 whois.conf
drwxr-xr-x.  6 root root       70 Dec  9 17:06 X11
-rw-r--r--.  1 root root      817 Aug  9  2021 xattr.conf
drwxr-xr-x.  4 root root       38 Dec  9 17:06 xdg
drwxr-xr-x.  2 root root       57 Dec  9 17:09 yum
lrwxrwxrwx.  1 root root       12 Sep 15 12:05 yum.conf -> dnf/dnf.conf
drwxr-xr-x.  2 root root       67 Dec  9 17:42 yum.repos.d
[root@rhel9 etc]# cd /systemd
-bash: cd: /systemd: No such file or directory
[root@rhel9 etc]# cd systemd
[root@rhel9 systemd]# ls
coredump.conf  journald.conf  logind.conf  pstore.conf  sleep.conf  system  system.conf  user  user.conf
[root@rhel9 systemd]# cd system
[root@rhel9 system]# ls
ctrl-alt-del.target                         default.target            network-online.target.wants  timers.target.wants
dbus-org.fedoraproject.FirewallD1.service   getty.target.wants        sockets.target.wants
dbus-org.freedesktop.nm-dispatcher.service  mlocate-updatedb.timer.d  sysinit.target.wants
dbus.service                                multi-user.target.wants   sysstat.service.wants
[root@rhel9 system]# cd
[root@rhel9 ~]# systemctl
  UNIT                                                                                     LOAD   ACTIVE SUB       DESCRIPTION       >
  proc-sys-fs-binfmt_misc.automount                                                        loaded active waiting   Arbitrary Executab>
  sys-devices-pci0000:00-0000:00:03.0-net-eth0.device                                      loaded active plugged   82540EM Gigabit Et>
  sys-devices-pci0000:00-0000:00:0d.0-ata3-host2-target2:0:0-2:0:0:0-block-sda-sda1.device loaded active plugged   VBOX_HARDDISK boot
  sys-devices-pci0000:00-0000:00:0d.0-ata3-host2-target2:0:0-2:0:0:0-block-sda-sda2.device loaded active plugged   VBOX_HARDDISK 2
  sys-devices-pci0000:00-0000:00:0d.0-ata3-host2-target2:0:0-2:0:0:0-block-sda.device      loaded active plugged   VBOX_HARDDISK
  sys-devices-platform-serial8250-tty-ttyS0.device                                         loaded active plugged   /sys/devices/platf>
  sys-devices-platform-serial8250-tty-ttyS1.device                                         loaded active plugged   /sys/devices/platf>
  sys-devices-platform-serial8250-tty-ttyS2.device                                         loaded active plugged   /sys/devices/platf>
  sys-devices-platform-serial8250-tty-ttyS3.device                                         loaded active plugged   /sys/devices/platf>
  sys-devices-virtual-block-dm\x2d0.device                                                 loaded active plugged   /sys/devices/virtu>
  sys-devices-virtual-block-dm\x2d1.device                                                 loaded active plugged   /sys/devices/virtu>
  sys-devices-virtual-mem-random.device                                                    loaded active plugged   /sys/devices/virtu>
  sys-devices-virtual-misc-rfkill.device                                                   loaded active plugged   /sys/devices/virtu>
  sys-module-configfs.device                                                               loaded active plugged   /sys/module/config>
  sys-module-fuse.device                                                                   loaded active plugged   /sys/module/fuse
  sys-subsystem-net-devices-eth0.device                                                    loaded active plugged   82540EM Gigabit Et>
  -.mount                                                                                  loaded active mounted   Root Mount
  boot.mount                                                                               loaded active mounted   /boot
  dev-hugepages.mount                                                                      loaded active mounted   Huge Pages File Sy>
  dev-mqueue.mount                                                                         loaded active mounted   POSIX Message Queu>
  run-user-1000.mount                                                                      loaded active mounted   /run/user/1000
  sys-fs-fuse-connections.mount                                                            loaded active mounted   FUSE Control File >
  sys-kernel-config.mount                                                                  loaded active mounted   Kernel Configurati>
  sys-kernel-debug.mount                                                                   loaded active mounted   Kernel Debug File >
  sys-kernel-tracing.mount                                                                 loaded active mounted   Kernel Trace File >
  systemd-ask-password-console.path                                                        loaded active waiting   Dispatch Password >
  systemd-ask-password-wall.path                                                           loaded active waiting   Forward Password R>
  init.scope                                                                               loaded active running   System and Service>
  session-3.scope                                                                          loaded active running   Session 3 of User >
  auditd.service                                                                           loaded active running   Security Auditing >
  chronyd.service                                                                          loaded active running   NTP client/server
  crond.service                                                                            loaded active running   Command Scheduler
  dbus-broker.service                                                                      loaded active running   D-Bus System Messa>
  dracut-shutdown.service                                                                  loaded active exited    Restore /run/initr>
  firewalld.service                                                                        loaded active running   firewalld - dynami>
  getty@tty1.service                                                                       loaded active running   Getty on tty1
  haveged.service                                                                          loaded active running   Entropy Daemon bas>
  irqbalance.service                                                                       loaded active running   irqbalance daemon
  kmod-static-nodes.service                                                                loaded active exited    Create List of Sta>
  lvm2-monitor.service                                                                     loaded active exited    Monitoring of LVM2>
  NetworkManager-wait-online.service                                                       loaded active exited    Network Manager Wa>
  NetworkManager.service                                                                   loaded active running   Network Manager
  nis-domainname.service                                                                   loaded active exited    Read and set NIS d>
  polkit.service                                                                           loaded active running   Authorization Mana>
  rhsmcertd.service                                                                        loaded active running   Enable periodic up>
  rsyslog.service                                                                          loaded active running   System Logging Ser>
  sshd.service                                                                             loaded active running   OpenSSH server dae>
  sysstat.service                                                                          loaded active exited    Resets System Acti>
  systemd-journal-flush.service                                                            loaded active exited    Flush Journal to P>
  systemd-journald.service                                                                 loaded active running   Journal Service
  systemd-logind.service                                                                   loaded active running   User Login Managem>
  systemd-network-generator.service                                                        loaded active exited    Generate network u>
  systemd-random-seed.service                                                              loaded active exited    Load/Save Random S>
  systemd-remount-fs.service                                                               loaded active exited    Remount Root and K>
  systemd-sysctl.service                                                                   loaded active exited    Apply Kernel Varia>
  systemd-tmpfiles-setup-dev.service                                                       loaded active exited    Create Static Devi>
  systemd-tmpfiles-setup.service                                                           loaded active exited    Create Volatile Fi>
  systemd-udev-trigger.service                                                             loaded active exited    Coldplug All udev >
  systemd-udevd.service                                                                    loaded active running   Rule-based Manager>
  systemd-update-utmp.service                                                              loaded active exited    Record System Boot>
  systemd-user-sessions.service                                                            loaded active exited    Permit User Sessio>
  tuned.service                                                                            loaded active running   Dynamic System Tun>
  user-runtime-dir@1000.service                                                            loaded active exited    User Runtime Direc>
  user@1000.service                                                                        loaded active running   User Manager for U>
  vboxadd-service.service                                                                  loaded active running   vboxadd-service.se>
  vboxadd.service                                                                          loaded active exited    vboxadd.service   >
  -.slice                                                                                  loaded active active    Root Slice
  system-getty.slice                                                                       loaded active active    Slice /system/getty
  system-modprobe.slice                                                                    loaded active active    Slice /system/modp>
  system-sshd\x2dkeygen.slice                                                              loaded active active    Slice /system/sshd>
  system-systemd\x2dhibernate\x2dresume.slice                                              loaded active active    Slice /system/syst>
  system.slice                                                                             loaded active active    System Slice
  user-1000.slice                                                                          loaded active active    User Slice of UID >
  user.slice                                                                               loaded active active    User and Session S>
  dbus.socket                                                                              loaded active running   D-Bus System Messa>
  dm-event.socket                                                                          loaded active listening Device-mapper even>
  lvm2-lvmpolld.socket                                                                     loaded active listening LVM2 poll daemon s>
  sssd-kcm.socket                                                                          loaded active listening SSSD Kerberos Cach>
  systemd-coredump.socket                                                                  loaded active listening Process Core Dump >
  systemd-initctl.socket                                                                   loaded active listening initctl Compatibil>
  systemd-journald-dev-log.socket                                                          loaded active running   Journal Socket (/d>
  systemd-journald.socket                                                                  loaded active running   Journal Socket
  systemd-rfkill.socket                                                                    loaded active listening Load/Save RF Kill >
  systemd-udevd-control.socket                                                             loaded active running   udev Control Socket
  systemd-udevd-kernel.socket                                                              loaded active running   udev Kernel Socket>
  dev-mapper-rhel\x2dswap.swap                                                             loaded active active    /dev/mapper/rhel-s>
  basic.target                                                                             loaded active active    Basic System
  cryptsetup.target                                                                        loaded active active    Local Encrypted Vo>
  getty.target                                                                             loaded active active    Login Prompts
  integritysetup.target                                                                    loaded active active    Local Integrity Pr>
  local-fs-pre.target                                                                      loaded active active    Preparation for Lo>
  local-fs.target                                                                          loaded active active    Local File Systems
  multi-user.target                                                                        loaded active active    Multi-User System
  network-online.target                                                                    loaded active active    Network is Online
  network-pre.target                                                                       loaded active active    Preparation for Ne>
  network.target                                                                           loaded active active    Network
  nss-user-lookup.target                                                                   loaded active active    User and Group Nam>
  paths.target                                                                             loaded active active    Path Units
  slices.target                                                                            loaded active active    Slice Units
  sockets.target                                                                           loaded active active    Socket Units
  sshd-keygen.target                                                                       loaded active active    sshd-keygen.target
  swap.target                                                                              loaded active active    Swaps
  sysinit.target                                                                           loaded active active    System Initializat>
  timers.target                                                                            loaded active active    Timer Units
  veritysetup.target                                                                       loaded active active    Local Verity Prote>
  dnf-makecache.timer                                                                      loaded active waiting   dnf makecache --ti>
  logrotate.timer                                                                          loaded active waiting   Daily rotation of >
  mlocate-updatedb.timer                                                                   loaded active waiting   Updates mlocate da>
  sysstat-collect.timer                                                                    loaded active waiting   Run system activit>
  sysstat-summary.timer                                                                    loaded active waiting   Generate summary o>
  systemd-tmpfiles-clean.timer                                                             loaded active waiting   Daily Cleanup of T>

LOAD   = Reflects whether the unit definition was properly loaded.
ACTIVE = The high-level unit activation state, i.e. generalization of SUB.
SUB    = The low-level unit activation state, values depend on unit type.
111 loaded units listed. Pass --all to see loaded but inactive units, too.
To show all installed unit files use 'systemctl list-unit-files'.
lines 76-118/118 (END)
[1]+  Stopped                 systemctl
[root@rhel9 ~]# systemctl status sshd.service
? sshd.service - OpenSSH server daemon
     Loaded: loaded (/usr/lib/systemd/system/sshd.service; enabled; vendor preset: enabled)
     Active: active (running) since Sat 2023-01-28 13:22:31 UTC; 5min ago
       Docs: man:sshd(8)
             man:sshd_config(5)
   Main PID: 891 (sshd)
      Tasks: 1 (limit: 11077)
     Memory: 7.1M
        CPU: 413ms
     CGroup: /system.slice/sshd.service
             +-891 "sshd: /usr/sbin/sshd -D -u0 [listener] 0 of 10-100 startups"

Jan 28 13:22:31 rhel9.localdomain systemd[1]: Starting OpenSSH server daemon...
Jan 28 13:22:31 rhel9.localdomain sshd[891]: Server listening on 0.0.0.0 port 22.
Jan 28 13:22:31 rhel9.localdomain sshd[891]: Server listening on :: port 22.
Jan 28 13:22:31 rhel9.localdomain systemd[1]: Started OpenSSH server daemon.
Jan 28 13:22:37 rhel9.localdomain sshd[1194]: Accepted publickey for vagrant from 10.0.2.2 port 51974 ssh2: RSA SHA256:O0U2zhynEojJKQ>
Jan 28 13:22:37 rhel9.localdomain sshd[1194]: pam_unix(sshd:session): session opened for user vagrant(uid=1000) by (uid=0)
Jan 28 13:22:51 rhel9.localdomain sshd[1164]: Connection reset by 10.0.2.2 port 51973 [preauth]
Jan 28 13:24:12 rhel9.localdomain sshd[5174]: Accepted publickey for vagrant from 10.0.2.2 port 51982 ssh2: RSA SHA256:O0U2zhynEojJKQ>
Jan 28 13:24:12 rhel9.localdomain sshd[5174]: pam_unix(sshd:session): session opened for user vagrant(uid=1000) by (uid=0)
[root@rhel9 ~]#
[root@rhel9 ~]# systemctl status psacct
Unit psacct.service could not be found.
[root@rhel9 ~]# systemctl li
link               list-jobs          list-sockets       list-unit-files
list-dependencies  list-machines      list-timers        list-units
[root@rhel9 ~]# systemctl list-units --type=service
  UNIT                               LOAD   ACTIVE     SUB     JOB   DESCRIPTION                                                     >
  auditd.service                     loaded active     running       Security Auditing Service
  chronyd.service                    loaded active     running       NTP client/server
  crond.service                      loaded active     running       Command Scheduler
  dbus-broker.service                loaded active     running       D-Bus System Message Bus
  dracut-shutdown.service            loaded active     exited        Restore /run/initramfs on shutdown
  firewalld.service                  loaded active     running       firewalld - dynamic firewall daemon
  getty@tty1.service                 loaded active     running       Getty on tty1
  haveged.service                    loaded active     running       Entropy Daemon based on the HAVEGE algorithm
  irqbalance.service                 loaded active     running       irqbalance daemon
  kmod-static-nodes.service          loaded active     exited        Create List of Static Device Nodes
  lvm2-monitor.service               loaded active     exited        Monitoring of LVM2 mirrors, snapshots etc. using dmeventd or pro>
  NetworkManager-wait-online.service loaded active     exited        Network Manager Wait Online
  NetworkManager.service             loaded active     running       Network Manager
  nis-domainname.service             loaded active     exited        Read and set NIS domainname from /etc/sysconfig/network
  polkit.service                     loaded active     running       Authorization Manager
  rhsmcertd.service                  loaded active     running       Enable periodic update of entitlement certificates.
  rsyslog.service                    loaded active     running       System Logging Service
  sshd.service                       loaded active     running       OpenSSH server daemon
  sysstat-collect.service            loaded activating start   start system activity accounting tool
  sysstat.service                    loaded active     exited        Resets System Activity Logs
  systemd-journal-flush.service      loaded active     exited        Flush Journal to Persistent Storage
  systemd-journald.service           loaded active     running       Journal Service
  systemd-logind.service             loaded active     running       User Login Management
  systemd-network-generator.service  loaded active     exited        Generate network units from Kernel command line
  systemd-random-seed.service        loaded active     exited        Load/Save Random Seed
  systemd-remount-fs.service         loaded active     exited        Remount Root and Kernel File Systems
  systemd-sysctl.service             loaded active     exited        Apply Kernel Variables
  systemd-tmpfiles-setup-dev.service loaded active     exited        Create Static Device Nodes in /dev
  systemd-tmpfiles-setup.service     loaded active     exited        Create Volatile Files and Directories
  systemd-udev-trigger.service       loaded active     exited        Coldplug All udev Devices
  systemd-udevd.service              loaded active     running       Rule-based Manager for Device Events and Files
  systemd-update-utmp.service        loaded active     exited        Record System Boot/Shutdown in UTMP
  systemd-user-sessions.service      loaded active     exited        Permit User Sessions
  tuned.service                      loaded active     running       Dynamic System Tuning Daemon
  user-runtime-dir@1000.service      loaded active     exited        User Runtime Directory /run/user/1000
  user@1000.service                  loaded active     running       User Manager for UID 1000
  vboxadd-service.service            loaded active     running       vboxadd-service.service
  vboxadd.service                    loaded active     exited        vboxadd.service

LOAD   = Reflects whether the unit definition was properly loaded.
ACTIVE = The high-level unit activation state, i.e. generalization of SUB.
SUB    = The low-level unit activation state, values depend on unit type.
JOB    = Pending job for the unit.

38 loaded units listed. Pass --all to see loaded but inactive units, too.
To show all installed unit files use 'systemctl list-unit-files'.
[root@rhel9 ~]# systemctl list-units --type=service --all
  UNIT                                   LOAD      ACTIVE   SUB     DESCRIPTION                                                      >
  auditd.service                         loaded    active   running Security Auditing Service
? auto-cpufreq.service                   not-found inactive dead    auto-cpufreq.service
? autofs.service                         not-found inactive dead    autofs.service
  chronyd.service                        loaded    active   running NTP client/server
  cpupower.service                       loaded    inactive dead    Configure CPU power related settings
  crond.service                          loaded    active   running Command Scheduler
  dbus-broker.service                    loaded    active   running D-Bus System Message Bus
? display-manager.service                not-found inactive dead    display-manager.service
  dm-event.service                       loaded    inactive dead    Device-mapper event daemon
  dnf-makecache.service                  loaded    inactive dead    dnf makecache
  dracut-cmdline.service                 loaded    inactive dead    dracut cmdline hook
  dracut-initqueue.service               loaded    inactive dead    dracut initqueue hook
  dracut-mount.service                   loaded    inactive dead    dracut mount hook
  dracut-pre-mount.service               loaded    inactive dead    dracut pre-mount hook
  dracut-pre-pivot.service               loaded    inactive dead    dracut pre-pivot and cleanup hook
  dracut-pre-trigger.service             loaded    inactive dead    dracut pre-trigger hook
  dracut-pre-udev.service                loaded    inactive dead    dracut pre-udev hook
  dracut-shutdown-onfailure.service      loaded    inactive dead    Service executing upon dracut-shutdown failure to perform cleanup
  dracut-shutdown.service                loaded    active   exited  Restore /run/initramfs on shutdown
? ebtables.service                       not-found inactive dead    ebtables.service
  emergency.service                      loaded    inactive dead    Emergency Shell
  firewalld.service                      loaded    active   running firewalld - dynamic firewall daemon
  getty@tty1.service                     loaded    active   running Getty on tty1
  haveged.service                        loaded    active   running Entropy Daemon based on the HAVEGE algorithm
  initrd-cleanup.service                 loaded    inactive dead    Cleaning Up and Shutting Down Daemons
  initrd-parse-etc.service               loaded    inactive dead    Reload Configuration from the Real Root
  initrd-switch-root.service             loaded    inactive dead    Switch Root
  initrd-udevadm-cleanup-db.service      loaded    inactive dead    Cleanup udev Database
? ip6tables.service                      not-found inactive dead    ip6tables.service
? ipset.service                          not-found inactive dead    ipset.service
? iptables.service                       not-found inactive dead    iptables.service
  irqbalance.service                     loaded    active   running irqbalance daemon
  kmod-static-nodes.service              loaded    active   exited  Create List of Static Device Nodes
  ldconfig.service                       loaded    inactive dead    Rebuild Dynamic Linker Cache
  logrotate.service                      loaded    inactive dead    Rotate log files
  lvm2-lvmpolld.service                  loaded    inactive dead    LVM2 poll daemon
  lvm2-monitor.service                   loaded    active   exited  Monitoring of LVM2 mirrors, snapshots etc. using dmeventd or prog>
  mlocate-updatedb.service               loaded    inactive dead    Update a database for mlocate
  modprobe@configfs.service              loaded    inactive dead    Load Kernel Module configfs
  modprobe@drm.service                   loaded    inactive dead    Load Kernel Module drm
  modprobe@fuse.service                  loaded    inactive dead    Load Kernel Module fuse
? network.service                        not-found inactive dead    network.service
  NetworkManager-wait-online.service     loaded    active   exited  Network Manager Wait Online
  NetworkManager.service                 loaded    active   running Network Manager
  nftables.service                       loaded    inactive dead    Netfilter Tables
  nis-domainname.service                 loaded    active   exited  Read and set NIS domainname from /etc/sysconfig/network
? ntpd.service                           not-found inactive dead    ntpd.service
? ntpdate.service                        not-found inactive dead    ntpdate.service
? plymouth-quit-wait.service             not-found inactive dead    plymouth-quit-wait.service
? plymouth-start.service                 not-found inactive dead    plymouth-start.service
  polkit.service                         loaded    active   running Authorization Manager
? power-profiles-daemon.service          not-found inactive dead    power-profiles-daemon.service
  rc-local.service                       loaded    inactive dead    /etc/rc.d/rc.local Compatibility
  rescue.service                         loaded    inactive dead    Rescue Shell
  rhsmcertd.service                      loaded    active   running Enable periodic update of entitlement certificates.
  rsyslog.service                        loaded    active   running System Logging Service
  selinux-autorelabel-mark.service       loaded    inactive dead    Mark the need to relabel after reboot
? sntp.service                           not-found inactive dead    sntp.service
  sshd-keygen@ecdsa.service              loaded    inactive dead    OpenSSH ecdsa Server Key Generation
  sshd-keygen@ed25519.service            loaded    inactive dead    OpenSSH ed25519 Server Key Generation
  sshd-keygen@rsa.service                loaded    inactive dead    OpenSSH rsa Server Key Generation
  sshd.service                           loaded    active   running OpenSSH server daemon
  sssd-kcm.service                       loaded    inactive dead    SSSD Kerberos Cache Manager
  sssd.service                           loaded    inactive dead    System Security Services Daemon
? syslog.service                         not-found inactive dead    syslog.service
  sysstat-collect.service                loaded    inactive dead    system activity accounting tool
  sysstat-summary.service                loaded    inactive dead    Generate a daily summary of process accounting
  sysstat.service                        loaded    active   exited  Resets System Activity Logs
  systemd-ask-password-console.service   loaded    inactive dead    Dispatch Password Requests to Console
  systemd-ask-password-wall.service      loaded    inactive dead    Forward Password Requests to Wall
  systemd-binfmt.service                 loaded    inactive dead    Set Up Additional Binary Formats
  systemd-firstboot.service              loaded    inactive dead    First Boot Wizard
  systemd-fsck-root.service              loaded    inactive dead    File System Check on Root Device
  systemd-hwdb-update.service            loaded    inactive dead    Rebuild Hardware Database
  systemd-initctl.service                loaded    inactive dead    initctl Compatibility Daemon
  systemd-journal-catalog-update.service loaded    inactive dead    Rebuild Journal Catalog
  systemd-journal-flush.service          loaded    active   exited  Flush Journal to Persistent Storage
  systemd-journald.service               loaded    active   running Journal Service
  systemd-logind.service                 loaded    active   running User Login Management
  systemd-machine-id-commit.service      loaded    inactive dead    Commit a transient machine-id on disk
  systemd-modules-load.service           loaded    inactive dead    Load Kernel Modules
  systemd-network-generator.service      loaded    active   exited  Generate network units from Kernel command line
  systemd-random-seed.service            loaded    active   exited  Load/Save Random Seed
  systemd-remount-fs.service             loaded    active   exited  Remount Root and Kernel File Systems
  systemd-repart.service                 loaded    inactive dead    Repartition Root Disk
  systemd-rfkill.service                 loaded    inactive dead    Load/Save RF Kill Switch Status
  systemd-sysctl.service                 loaded    active   exited  Apply Kernel Variables
  systemd-sysusers.service               loaded    inactive dead    Create System Users
? systemd-timesyncd.service              not-found inactive dead    systemd-timesyncd.service
  systemd-tmpfiles-clean.service         loaded    inactive dead    Cleanup of Temporary Directories
  systemd-tmpfiles-setup-dev.service     loaded    active   exited  Create Static Device Nodes in /dev
  systemd-tmpfiles-setup.service         loaded    active   exited  Create Volatile Files and Directories
  systemd-udev-settle.service            loaded    inactive dead    Wait for udev To Complete Device Initialization
  systemd-udev-trigger.service           loaded    active   exited  Coldplug All udev Devices
  systemd-udevd.service                  loaded    active   running Rule-based Manager for Device Events and Files
  systemd-update-done.service            loaded    inactive dead    Update is Completed
  systemd-update-utmp-runlevel.service   loaded    inactive dead    Record Runlevel Change in UTMP
  systemd-update-utmp.service            loaded    active   exited  Record System Boot/Shutdown in UTMP
  systemd-user-sessions.service          loaded    active   exited  Permit User Sessions
  systemd-vconsole-setup.service         loaded    inactive dead    Setup Virtual Console
? tlp.service                            not-found inactive dead    tlp.service
  tuned.service                          loaded    active   running Dynamic System Tuning Daemon
  user-runtime-dir@1000.service          loaded    active   exited  User Runtime Directory /run/user/1000
  user@1000.service                      loaded    active   running User Manager for UID 1000
  vboxadd-service.service                loaded    active   running vboxadd-service.service
  vboxadd.service                        loaded    active   exited  vboxadd.service
? ypbind.service                         not-found inactive dead    ypbind.service
? yppasswdd.service                      not-found inactive dead    yppasswdd.service
? ypserv.service                         not-found inactive dead    ypserv.service
? ypxfrd.service                         not-found inactive dead    ypxfrd.service

LOAD   = Reflects whether the unit definition was properly loaded.
ACTIVE = The high-level unit activation state, i.e. generalization of SUB.
SUB    = The low-level unit activation state, values depend on unit type.
110 loaded units listed.
To show all installed unit files use 'systemctl list-unit-files'.
[root@rhel9 ~]# yum install httpd
Extra Packages for Enterprise Linux 9 - x86_64                                                        9.3 kB/s | 7.1 kB     00:00
Extra Packages for Enterprise Linux 9 - x86_64                                                        1.0 MB/s |  13 MB     00:12
Last metadata expiration check: 0:00:16 ago on Sat 28 Jan 2023 01:31:26 PM UTC.
No match for argument: httpd
Error: Unable to find a match: httpd
[root@rhel9 ~]# dnf install httpd
Last metadata expiration check: 0:01:49 ago on Sat 28 Jan 2023 01:31:26 PM UTC.
No match for argument: httpd
Error: Unable to find a match: httpd
[root@rhel9 ~]# yum install nginx
Last metadata expiration check: 0:02:41 ago on Sat 28 Jan 2023 01:31:26 PM UTC.
No match for argument: nginx
Error: Unable to find a match: nginx
[root@rhel9 ~]# systemctl enable sshd.service
[root@rhel9 ~]# systemctl disable sshd.service
Removed "/etc/systemd/system/multi-user.target.wants/sshd.service".
[root@rhel9 ~]# systemctl enable sshd.service
Created symlink /etc/systemd/system/multi-user.target.wants/sshd.service ? /usr/lib/systemd/system/sshd.service.
[root@rhel9 ~]# systemctl is-enabled sshd.service
enabled
[root@rhel9 ~]#
[root@rhel9 ~]# dnf list http
Last metadata expiration check: 19:04:15 ago on Sat 28 Jan 2023 01:31:26 PM UTC.
Error: No matching Packages to list
[root@rhel9 ~]# dnf list 'http*'
Last metadata expiration check: 19:04:30 ago on Sat 28 Jan 2023 01:31:26 PM UTC.
Available Packages
httpie.noarch                                                     3.2.1-3.el9                                                     epel
[root@rhel9 ~]# dnf info httpd
Last metadata expiration check: 19:05:02 ago on Sat 28 Jan 2023 01:31:26 PM UTC.
Error: No matching Packages to list
[root@rhel9 ~]# dnf install httpd
Last metadata expiration check: 19:05:31 ago on Sat 28 Jan 2023 01:31:26 PM UTC.
No match for argument: httpd
Error: Unable to find a match: httpd
[root@rhel9 ~]# subscription-manager register --username bharathchangala@gmail.com
Registering to: subscription.rhsm.redhat.com:443/subscription
Password:
The system has been registered with ID: bf1436ec-d455-4b78-97a9-31294ec2ecd0
The registered system name is: rhel9.localdomain

WARNING

The yum/dnf plugins: /etc/dnf/plugins/subscription-manager.conf were automatically enabled for the benefit of Red Hat Subscription Management. If not desired, use "subscription-manager config --rhsm.auto_enable_yum_plugins=0" to block this behavior.

[root@rhel9 ~]# yum install httpd
Updating Subscription Management repositories.
Red Hat Enterprise Linux 9 for x86_64 - AppStream (RPMs)                                              2.0 MB/s |  16 MB     00:08
Red Hat Enterprise Linux 9 for x86_64 - BaseOS (RPMs)                                                 1.7 MB/s | 7.8 MB     00:04
Dependencies resolved.
======================================================================================================================================
 Package                         Architecture        Version                      Repository                                     Size
======================================================================================================================================
Installing:
 httpd                           x86_64              2.4.53-7.el9                 rhel-9-for-x86_64-appstream-rpms               54 k
Installing dependencies:
 apr                             x86_64              1.7.0-11.el9                 rhel-9-for-x86_64-appstream-rpms              127 k
 apr-util                        x86_64              1.6.1-20.el9                 rhel-9-for-x86_64-appstream-rpms               98 k
 apr-util-bdb                    x86_64              1.6.1-20.el9                 rhel-9-for-x86_64-appstream-rpms               15 k
 httpd-core                      x86_64              2.4.53-7.el9                 rhel-9-for-x86_64-appstream-rpms              1.5 M
 httpd-filesystem                noarch              2.4.53-7.el9                 rhel-9-for-x86_64-appstream-rpms               18 k
 httpd-tools                     x86_64              2.4.53-7.el9                 rhel-9-for-x86_64-appstream-rpms               89 k
 mailcap                         noarch              2.1.49-5.el9                 rhel-9-for-x86_64-baseos-rpms                  35 k
 redhat-logos-httpd              noarch              90.4-1.el9                   rhel-9-for-x86_64-appstream-rpms               18 k
Installing weak dependencies:
 apr-util-openssl                x86_64              1.6.1-20.el9                 rhel-9-for-x86_64-appstream-rpms               17 k
 mod_http2                       x86_64              1.15.19-2.el9                rhel-9-for-x86_64-appstream-rpms              153 k
 mod_lua                         x86_64              2.4.53-7.el9                 rhel-9-for-x86_64-appstream-rpms               64 k

Transaction Summary
======================================================================================================================================
Install  12 Packages

Total download size: 2.2 M
Installed size: 6.0 M
Is this ok [y/N]: y
Downloading Packages:
(1/12): apr-util-openssl-1.6.1-20.el9.x86_64.rpm                                                       38 kB/s |  17 kB     00:00
(2/12): apr-1.7.0-11.el9.x86_64.rpm                                                                   228 kB/s | 127 kB     00:00
(3/12): redhat-logos-httpd-90.4-1.el9.noarch.rpm                                                       68 kB/s |  18 kB     00:00
(4/12): apr-util-1.6.1-20.el9.x86_64.rpm                                                              103 kB/s |  98 kB     00:00
(5/12): apr-util-bdb-1.6.1-20.el9.x86_64.rpm                                                           37 kB/s |  15 kB     00:00
(6/12): mod_http2-1.15.19-2.el9.x86_64.rpm                                                            392 kB/s | 153 kB     00:00
(7/12): httpd-tools-2.4.53-7.el9.x86_64.rpm                                                           246 kB/s |  89 kB     00:00
(8/12): mod_lua-2.4.53-7.el9.x86_64.rpm                                                               152 kB/s |  64 kB     00:00
(9/12): httpd-filesystem-2.4.53-7.el9.noarch.rpm                                                       61 kB/s |  18 kB     00:00
(10/12): httpd-2.4.53-7.el9.x86_64.rpm                                                                134 kB/s |  54 kB     00:00
(11/12): mailcap-2.1.49-5.el9.noarch.rpm                                                               78 kB/s |  35 kB     00:00
(12/12): httpd-core-2.4.53-7.el9.x86_64.rpm                                                           1.4 MB/s | 1.5 MB     00:01
--------------------------------------------------------------------------------------------------------------------------------------
Total                                                                                                 912 kB/s | 2.2 MB     00:02
Running transaction check
Transaction check succeeded.
Running transaction test
Transaction test succeeded.
Running transaction
  Preparing        :                                                                                                              1/1
  Installing       : apr-1.7.0-11.el9.x86_64                                                                                     1/12
  Installing       : apr-util-bdb-1.6.1-20.el9.x86_64                                                                            2/12
  Installing       : apr-util-1.6.1-20.el9.x86_64                                                                                3/12
  Installing       : apr-util-openssl-1.6.1-20.el9.x86_64                                                                        4/12
  Installing       : httpd-tools-2.4.53-7.el9.x86_64                                                                             5/12
  Installing       : mailcap-2.1.49-5.el9.noarch                                                                                 6/12
  Running scriptlet: httpd-filesystem-2.4.53-7.el9.noarch                                                                        7/12
  Installing       : httpd-filesystem-2.4.53-7.el9.noarch                                                                        7/12
  Installing       : httpd-core-2.4.53-7.el9.x86_64                                                                              8/12
  Installing       : mod_http2-1.15.19-2.el9.x86_64                                                                              9/12
  Installing       : mod_lua-2.4.53-7.el9.x86_64                                                                                10/12
  Installing       : redhat-logos-httpd-90.4-1.el9.noarch                                                                       11/12
  Installing       : httpd-2.4.53-7.el9.x86_64                                                                                  12/12
  Running scriptlet: httpd-2.4.53-7.el9.x86_64                                                                                  12/12
  Verifying        : apr-util-openssl-1.6.1-20.el9.x86_64                                                                        1/12
  Verifying        : apr-util-1.6.1-20.el9.x86_64                                                                                2/12
  Verifying        : apr-1.7.0-11.el9.x86_64                                                                                     3/12
  Verifying        : redhat-logos-httpd-90.4-1.el9.noarch                                                                        4/12
  Verifying        : apr-util-bdb-1.6.1-20.el9.x86_64                                                                            5/12
  Verifying        : mod_http2-1.15.19-2.el9.x86_64                                                                              6/12
  Verifying        : httpd-tools-2.4.53-7.el9.x86_64                                                                             7/12
  Verifying        : mod_lua-2.4.53-7.el9.x86_64                                                                                 8/12
  Verifying        : httpd-filesystem-2.4.53-7.el9.noarch                                                                        9/12
  Verifying        : httpd-2.4.53-7.el9.x86_64                                                                                  10/12
  Verifying        : httpd-core-2.4.53-7.el9.x86_64                                                                             11/12
  Verifying        : mailcap-2.1.49-5.el9.noarch                                                                                12/12
Installed products updated.

Installed:
  apr-1.7.0-11.el9.x86_64                       apr-util-1.6.1-20.el9.x86_64             apr-util-bdb-1.6.1-20.el9.x86_64
  apr-util-openssl-1.6.1-20.el9.x86_64          httpd-2.4.53-7.el9.x86_64                httpd-core-2.4.53-7.el9.x86_64
  httpd-filesystem-2.4.53-7.el9.noarch          httpd-tools-2.4.53-7.el9.x86_64          mailcap-2.1.49-5.el9.noarch
  mod_http2-1.15.19-2.el9.x86_64                mod_lua-2.4.53-7.el9.x86_64              redhat-logos-httpd-90.4-1.el9.noarch

Complete!
[root@rhel9 ~]# cd /var/
[root@rhel9 var]# ls
adm  cache  crash  db  empty  ftp  games  kerberos  lib  local  lock  log  mail  nis  opt  preserve  run  spool  tmp  www  yp
[root@rhel9 var]# cd www/
[root@rhel9 www]# ls
cgi-bin  html
[root@rhel9 www]# cd html/
[root@rhel9 html]# touch index.html
[root@rhel9 html]# ls
index.html
[root@rhel9 html]# cd
[root@rhel9 ~]# vim /var/www/html/index.html
[root@rhel9 ~]# firewall-cmd --permanent --add-service=http
success
[root@rhel9 ~]# firewall-cmd --reload
success
[root@rhel9 ~]# systemctl status httpd.service
? httpd.service - The Apache HTTP Server
     Loaded: loaded (/usr/lib/systemd/system/httpd.service; disabled; vendor preset: disabled)
     Active: inactive (dead)
       Docs: man:httpd.service(8)
[root@rhel9 ~]# systemctl start httpd.service
[root@rhel9 ~]# systemctl status httpd.service
? httpd.service - The Apache HTTP Server
     Loaded: loaded (/usr/lib/systemd/system/httpd.service; disabled; vendor preset: disabled)
     Active: active (running) since Sun 2023-01-29 09:01:16 UTC; 2s ago
       Docs: man:httpd.service(8)
   Main PID: 38304 (httpd)
     Status: "Started, listening on: port 80"
      Tasks: 213 (limit: 11077)
     Memory: 23.5M
        CPU: 82ms
     CGroup: /system.slice/httpd.service
             +-38304 /usr/sbin/httpd -DFOREGROUND
             +-38305 /usr/sbin/httpd -DFOREGROUND
             +-38306 /usr/sbin/httpd -DFOREGROUND
             +-38307 /usr/sbin/httpd -DFOREGROUND
             +-38308 /usr/sbin/httpd -DFOREGROUND

Jan 29 09:01:16 rhel9.localdomain systemd[1]: Starting The Apache HTTP Server...
Jan 29 09:01:16 rhel9.localdomain httpd[38304]: AH00558: httpd: Could not reliably determine the server's fully qualified domain name>
Jan 29 09:01:16 rhel9.localdomain httpd[38304]: Server configured, listening on: port 80
Jan 29 09:01:16 rhel9.localdomain systemd[1]: Started The Apache HTTP Server.
[root@rhel9 ~]# systemctl stop httpd
[root@rhel9 ~]# systemctl status httpd
? httpd.service - The Apache HTTP Server
     Loaded: loaded (/usr/lib/systemd/system/httpd.service; disabled; vendor preset: disabled)
     Active: inactive (dead)
       Docs: man:httpd.service(8)

Jan 29 09:01:16 rhel9.localdomain systemd[1]: Starting The Apache HTTP Server...
Jan 29 09:01:16 rhel9.localdomain httpd[38304]: AH00558: httpd: Could not reliably determine the server's fully qualified domain name>
Jan 29 09:01:16 rhel9.localdomain httpd[38304]: Server configured, listening on: port 80
Jan 29 09:01:16 rhel9.localdomain systemd[1]: Started The Apache HTTP Server.
Jan 29 09:01:51 rhel9.localdomain systemd[1]: Stopping The Apache HTTP Server...
Jan 29 09:01:52 rhel9.localdomain systemd[1]: httpd.service: Deactivated successfully.
Jan 29 09:01:52 rhel9.localdomain systemd[1]: Stopped The Apache HTTP Server.
[root@rhel9 ~]# systemctl start httpd.service
[root@rhel9 ~]# systemctl status httpd
? httpd.service - The Apache HTTP Server
     Loaded: loaded (/usr/lib/systemd/system/httpd.service; disabled; vendor preset: disabled)
     Active: active (running) since Sun 2023-01-29 09:04:14 UTC; 2s ago
       Docs: man:httpd.service(8)
   Main PID: 38530 (httpd)
     Status: "Started, listening on: port 80"
      Tasks: 213 (limit: 11077)
     Memory: 28.8M
        CPU: 80ms
     CGroup: /system.slice/httpd.service
             +-38530 /usr/sbin/httpd -DFOREGROUND
             +-38531 /usr/sbin/httpd -DFOREGROUND
             +-38532 /usr/sbin/httpd -DFOREGROUND
             +-38533 /usr/sbin/httpd -DFOREGROUND
             +-38534 /usr/sbin/httpd -DFOREGROUND

Jan 29 09:04:14 rhel9.localdomain systemd[1]: Starting The Apache HTTP Server...
Jan 29 09:04:14 rhel9.localdomain httpd[38530]: AH00558: httpd: Could not reliably determine the server's fully qualified domain name>
Jan 29 09:04:14 rhel9.localdomain httpd[38530]: Server configured, listening on: port 80
Jan 29 09:04:14 rhel9.localdomain systemd[1]: Started The Apache HTTP Server.
[root@rhel9 ~]# systemctl reload httpd
[root@rhel9 ~]# systemctl status httpd
? httpd.service - The Apache HTTP Server
     Loaded: loaded (/usr/lib/systemd/system/httpd.service; disabled; vendor preset: disabled)
     Active: active (running) since Sun 2023-01-29 09:04:14 UTC; 27s ago
       Docs: man:httpd.service(8)
    Process: 38750 ExecReload=/usr/sbin/httpd $OPTIONS -k graceful (code=exited, status=0/SUCCESS)
   Main PID: 38530 (httpd)
     Status: "Total requests: 0; Idle/Busy workers 100/0;Requests/sec: 0; Bytes served/sec:   0 B/sec"
      Tasks: 213 (limit: 11077)
     Memory: 28.9M
        CPU: 239ms
     CGroup: /system.slice/httpd.service
             +-38530 /usr/sbin/httpd -DFOREGROUND
             +-38751 /usr/sbin/httpd -DFOREGROUND
             +-38752 /usr/sbin/httpd -DFOREGROUND
             +-38753 /usr/sbin/httpd -DFOREGROUND
             +-38754 /usr/sbin/httpd -DFOREGROUND

Jan 29 09:04:14 rhel9.localdomain systemd[1]: Starting The Apache HTTP Server...
Jan 29 09:04:14 rhel9.localdomain httpd[38530]: AH00558: httpd: Could not reliably determine the server's fully qualified domain name>
Jan 29 09:04:14 rhel9.localdomain httpd[38530]: Server configured, listening on: port 80
Jan 29 09:04:14 rhel9.localdomain systemd[1]: Started The Apache HTTP Server.
Jan 29 09:04:39 rhel9.localdomain systemd[1]: Reloading The Apache HTTP Server...
Jan 29 09:04:39 rhel9.localdomain httpd[38750]: AH00558: httpd: Could not reliably determine the server's fully qualified domain name>
Jan 29 09:04:39 rhel9.localdomain systemd[1]: Reloaded The Apache HTTP Server.
Jan 29 09:04:39 rhel9.localdomain httpd[38530]: Server configured, listening on: port 80
[root@rhel9 ~]# systemctl restart httpd
[root@rhel9 ~]# systemctl status httpd
? httpd.service - The Apache HTTP Server
     Loaded: loaded (/usr/lib/systemd/system/httpd.service; disabled; vendor preset: disabled)
     Active: active (running) since Sun 2023-01-29 09:05:02 UTC; 1min 4s ago
       Docs: man:httpd.service(8)
   Main PID: 38972 (httpd)
     Status: "Total requests: 0; Idle/Busy workers 100/0;Requests/sec: 0; Bytes served/sec:   0 B/sec"
      Tasks: 213 (limit: 11077)
     Memory: 28.8M
        CPU: 229ms
     CGroup: /system.slice/httpd.service
             +-38972 /usr/sbin/httpd -DFOREGROUND
             +-38975 /usr/sbin/httpd -DFOREGROUND
             +-38976 /usr/sbin/httpd -DFOREGROUND
             +-38977 /usr/sbin/httpd -DFOREGROUND
             +-38978 /usr/sbin/httpd -DFOREGROUND

Jan 29 09:05:02 rhel9.localdomain systemd[1]: Starting The Apache HTTP Server...
Jan 29 09:05:02 rhel9.localdomain httpd[38972]: AH00558: httpd: Could not reliably determine the server's fully qualified domain name>
Jan 29 09:05:02 rhel9.localdomain systemd[1]: Started The Apache HTTP Server.
Jan 29 09:05:02 rhel9.localdomain httpd[38972]: Server configured, listening on: port 80
[root@rhel9 ~]# ip a
1: lo: <LOOPBACK,UP,LOWER_UP> mtu 65536 qdisc noqueue state UNKNOWN group default qlen 1000
    link/loopback 00:00:00:00:00:00 brd 00:00:00:00:00:00
    inet 127.0.0.1/8 scope host lo
       valid_lft forever preferred_lft forever
2: eth0: <BROADCAST,MULTICAST,UP,LOWER_UP> mtu 1500 qdisc fq_codel state UP group default qlen 1000
    link/ether 08:00:27:6b:eb:1c brd ff:ff:ff:ff:ff:ff
    altname enp0s3
    inet 10.0.2.15/24 brd 10.0.2.255 scope global dynamic noprefixroute eth0
       valid_lft 84208sec preferred_lft 84208sec
[root@rhel9 ~]# curl http://10.0.2.15
<!DOCTYPE HTML PUBLIC "-//IETF//DTD HTML 2.0//EN">
<html><head>
<title>403 Forbidden</title>
</head><body>
<h1>Forbidden</h1>
<p>You don't have permission to access this resource.</p>
</body></html>
[root@rhel9 ~]# curl http://10.0.0.1

^Z
[1]+  Stopped                 curl http://10.0.0.1
[root@rhel9 ~]# firewall-cmd --permanent --add-service=httpd
Error: INVALID_SERVICE: Zone 'public': 'httpd' not among existing services
[root@rhel9 ~]# systemctl status httpd
? httpd.service - The Apache HTTP Server
     Loaded: loaded (/usr/lib/systemd/system/httpd.service; disabled; vendor preset: disabled)
     Active: active (running) since Sun 2023-01-29 09:05:02 UTC; 8min ago
       Docs: man:httpd.service(8)
   Main PID: 38972 (httpd)
     Status: "Total requests: 1; Idle/Busy workers 100/0;Requests/sec: 0.00192; Bytes served/sec:   0 B/sec"
      Tasks: 213 (limit: 11077)
     Memory: 28.9M
        CPU: 1.371s
     CGroup: /system.slice/httpd.service
             +-38972 /usr/sbin/httpd -DFOREGROUND
             +-38975 /usr/sbin/httpd -DFOREGROUND
             +-38976 /usr/sbin/httpd -DFOREGROUND
             +-38977 /usr/sbin/httpd -DFOREGROUND
             +-38978 /usr/sbin/httpd -DFOREGROUND

Jan 29 09:05:02 rhel9.localdomain systemd[1]: Starting The Apache HTTP Server...
Jan 29 09:05:02 rhel9.localdomain httpd[38972]: AH00558: httpd: Could not reliably determine the server's fully qualified domain name>
Jan 29 09:05:02 rhel9.localdomain systemd[1]: Started The Apache HTTP Server.
Jan 29 09:05:02 rhel9.localdomain httpd[38972]: Server configured, listening on: port 80
[root@rhel9 ~]# ip
Usage: ip [ OPTIONS ] OBJECT { COMMAND | help }
       ip [ -force ] -batch filename
where  OBJECT := { address | addrlabel | amt | fou | help | ila | ioam | l2tp |
                   link | macsec | maddress | monitor | mptcp | mroute | mrule |
                   neighbor | neighbour | netconf | netns | nexthop | ntable |
                   ntbl | route | rule | sr | tap | tcpmetrics |
                   token | tunnel | tuntap | vrf | xfrm }
       OPTIONS := { -V[ersion] | -s[tatistics] | -d[etails] | -r[esolve] |
                    -h[uman-readable] | -iec | -j[son] | -p[retty] |
                    -f[amily] { inet | inet6 | mpls | bridge | link } |
                    -4 | -6 | -M | -B | -0 |
                    -l[oops] { maximum-addr-flush-attempts } | -br[ief] |
                    -o[neline] | -t[imestamp] | -ts[hort] | -b[atch] [filename] |
                    -rc[vbuf] [size] | -n[etns] name | -N[umeric] | -a[ll] |
                    -c[olor]}
[root@rhel9 ~]# ip a
1: lo: <LOOPBACK,UP,LOWER_UP> mtu 65536 qdisc noqueue state UNKNOWN group default qlen 1000
    link/loopback 00:00:00:00:00:00 brd 00:00:00:00:00:00
    inet 127.0.0.1/8 scope host lo
       valid_lft forever preferred_lft forever
2: eth0: <BROADCAST,MULTICAST,UP,LOWER_UP> mtu 1500 qdisc fq_codel state UP group default qlen 1000
    link/ether 08:00:27:6b:eb:1c brd ff:ff:ff:ff:ff:ff
    altname enp0s3
    inet 10.0.2.15/24 brd 10.0.2.255 scope global dynamic noprefixroute eth0
       valid_lft 83717sec preferred_lft 83717sec
[root@rhel9 ~]# cat /var/www/html/index.html
This is my first web text
RHCSA-Red_Hat_Certified_System_Administrator
[root@rhel9 ~]# curl https://10.0.2.15
curl: (7) Failed to connect to 10.0.2.15 port 443: Connection refused
[root@rhel9 ~]# curl http://10.0.2.15
<!DOCTYPE HTML PUBLIC "-//IETF//DTD HTML 2.0//EN">
<html><head>
<title>403 Forbidden</title>
</head><body>
<h1>Forbidden</h1>
<p>You don't have permission to access this resource.</p>
</body></html>
[root@rhel9 ~]# systemctl enable httpd
Created symlink /etc/systemd/system/multi-user.target.wants/httpd.service ? /usr/lib/systemd/system/httpd.service.
[root@rhel9 ~]# systemctl status httpd
? httpd.service - The Apache HTTP Server
     Loaded: loaded (/usr/lib/systemd/system/httpd.service; enabled; vendor preset: disabled)
     Active: active (running) since Sun 2023-01-29 09:05:02 UTC; 15min ago
       Docs: man:httpd.service(8)
   Main PID: 38972 (httpd)
     Status: "Total requests: 2; Idle/Busy workers 100/0;Requests/sec: 0.00224; Bytes served/sec:   1 B/sec"
      Tasks: 213 (limit: 11077)
     Memory: 29.0M
        CPU: 2.240s
     CGroup: /system.slice/httpd.service
             +-38972 /usr/sbin/httpd -DFOREGROUND
             +-38975 /usr/sbin/httpd -DFOREGROUND
             +-38976 /usr/sbin/httpd -DFOREGROUND
             +-38977 /usr/sbin/httpd -DFOREGROUND
             +-38978 /usr/sbin/httpd -DFOREGROUND

Jan 29 09:05:02 rhel9.localdomain systemd[1]: Starting The Apache HTTP Server...
Jan 29 09:05:02 rhel9.localdomain httpd[38972]: AH00558: httpd: Could not reliably determine the server's fully qualified domain name>
Jan 29 09:05:02 rhel9.localdomain systemd[1]: Started The Apache HTTP Server.
Jan 29 09:05:02 rhel9.localdomain httpd[38972]: Server configured, listening on: port 80
[root@rhel9 ~]# systemctl disable httpd
Removed "/etc/systemd/system/multi-user.target.wants/httpd.service".
[root@rhel9 ~]# systemctl status httpd
? httpd.service - The Apache HTTP Server
     Loaded: loaded (/usr/lib/systemd/system/httpd.service; disabled; vendor preset: disabled)
     Active: active (running) since Sun 2023-01-29 09:05:02 UTC; 15min ago
       Docs: man:httpd.service(8)
   Main PID: 38972 (httpd)
     Status: "Total requests: 2; Idle/Busy workers 100/0;Requests/sec: 0.00216; Bytes served/sec:   0 B/sec"
      Tasks: 213 (limit: 11077)
     Memory: 29.0M
        CPU: 2.333s
     CGroup: /system.slice/httpd.service
             +-38972 /usr/sbin/httpd -DFOREGROUND
             +-38975 /usr/sbin/httpd -DFOREGROUND
             +-38976 /usr/sbin/httpd -DFOREGROUND
             +-38977 /usr/sbin/httpd -DFOREGROUND
             +-38978 /usr/sbin/httpd -DFOREGROUND

Jan 29 09:05:02 rhel9.localdomain systemd[1]: Starting The Apache HTTP Server...
Jan 29 09:05:02 rhel9.localdomain httpd[38972]: AH00558: httpd: Could not reliably determine the server's fully qualified domain name>
Jan 29 09:05:02 rhel9.localdomain systemd[1]: Started The Apache HTTP Server.
Jan 29 09:05:02 rhel9.localdomain httpd[38972]: Server configured, listening on: port 80
[root@rhel9 ~]# systemctl stop httpd.service
[root@rhel9 ~]# exit
logout
There are stopped jobs.
[root@rhel9 ~]# jobs -l
[1]+ 39204 Stopped                 curl http://10.0.0.1
[root@rhel9 ~]# kill -9 39204
[root@rhel9 ~]# exit
logout
[vagrant@rhel9 ~]$ exit
logout

bhara@DESKTOP-SSN6PB4  ~/devops/provision/vagrant/rhel9
$ date
Sun Jan 29 14:51:49 IST 2023

bhara@DESKTOP-SSN6PB4  ~/devops/provision/vagrant/rhel9
$
